060780f8cfedc77ffbd5d05e9a7a8faa	9b19aaa0b5430e799f439a90bdfaa864
ed479074e61ea03ca13d8cf174dfa082	7230bcec541f3621946cda9e98301833
a85ee49b7c4cf26efdecba6c51fcb761	a48865cd887776e888a3c652fa27d51a
e7dda9fb349dfbfbf095cfb77480e9a5	5b577162de6d7aebb1085a2f8fd4420b
